OCI runtime exec failed: exec failed: unable to start container process: exec: "pytest": executable file not found in $PATH
